// Jest Snapshot v1, https://goo.gl/fbAQLP

exports[`Http Prism Instance function tests when { mock: true } and spec file "no-refs-petstore-minimal.oas2.json" is loaded returns correct response for an existing route 1`] = `
Object {
  "input": Object {
    "method": "get",
    "url": Object {
      "path": "/pet/findByStatus",
      "query": Object {
        "status": Array [
          "available",
          "pending",
        ],
      },
    },
  },
  "output": Object {
    "headers": Object {
      "Content-type": "application/json",
    },
    "statusCode": 200,
  },
  "validations": Object {
    "input": Array [],
    "output": Array [],
  },
}
`;
